  Trwa okre┼Ťlanie projekt├│w do przywr├│cenia...
  Wszystkie projekty s─ů aktualne na potrzeby przywr├│cenia.
D:\Projekty IT\weather-viewer\MainWindow.xaml(18,6): error MC3074: Tag ÔÇ×WindowChrome.WindowChromeÔÇŁ nie istnieje w przestrzeni nazw XML ÔÇ×http://schemas.microsoft.com/winfx/2006/xaml/presentation/shellÔÇŁ. Wiersz 18 Pozycja 6. [D:\Projekty IT\weather-viewer\WeatherViewer.csproj]

Kompilacja NIE POWIOD┼üA SI─ś.

D:\Projekty IT\weather-viewer\MainWindow.xaml(18,6): error MC3074: Tag ÔÇ×WindowChrome.WindowChromeÔÇŁ nie istnieje w przestrzeni nazw XML ÔÇ×http://schemas.microsoft.com/winfx/2006/xaml/presentation/shellÔÇŁ. Wiersz 18 Pozycja 6. [D:\Projekty IT\weather-viewer\WeatherViewer.csproj]
    Ostrze┼╝enia: 0
    Liczba b┼é─Öd├│w: 1

Czas, kt├│ry up┼éyn─ů┼é: 00:00:00.65
